<?xml version="1.0" encoding="utf-8"?><testsuites><testsuite name="pytest" errors="0" failures="0" skipped="0" tests="0" time="0.022" timestamp="2024-04-05T14:17:52.498126" hostname="DESKTOP-1GVAM71" /></testsuites>